../Core/Src/wifi_task.c:132:6:WiFiTask	64	static
../Core/Src/wifi_task.c:193:6:wifi_scan	24	static
../Core/Src/wifi_task.c:233:6:app_init	16	static
../Core/Src/wifi_task.c:282:6:scan_check_bssid_in_list	24	static
../Core/Src/wifi_task.c:310:6:scan_result_callback	112	static
../Core/Src/wifi_task.c:361:13:security_to_str	16	static
../Core/Src/wifi_task.c:439:13:print_ip4	32	static
../Core/Src/wifi_task.c:464:6:wifi_connect	264	static
../Core/Src/wifi_task.c:584:6:SDMMC1_IRQHandler	8	static
../Core/Src/wifi_task.c:603:6:HAL_GPIO_EXTI_Callback	16	static
